// Jest Snapshot v1, https://goo.gl/fbAQLP

exports[`citations should replace a citation correctly 1`] = `
Object {
  "children": Array [
    Object {
      "children": Array [
        Object {
          "type": "text",
          "value": "This is a citation: ",
        },
        Object {
          "children": Array [
            Object {
              "type": "text",
              "value": "(Singh 2016)",
            },
          ],
          "data": Object {
            "hProperties": Object {
              "className": "citation",
            },
          },
          "type": "link",
          "url": "#ref-singh2016",
        },
        Object {
          "type": "text",
          "value": ".",
        },
      ],
      "type": "paragraph",
    },
    Object {
      "children": Array [
        Object {
          "children": Array [
            Object {
              "type": "text",
              "value": "References",
            },
          ],
          "depth": 2,
          "type": "heading",
        },
        Object {
          "children": Array [
            Object {
              "children": Array [
                Object {
                  "type": "text",
                  "value": "Akenine-Moller, Thomas, Eric Haines, and Naty Hoffman. 2008. ",
                },
                Object {
                  "children": Array [
                    Object {
                      "type": "text",
                      "value": "Real Time Rendering, Third Edition",
                    },
                  ],
                  "type": "emphasis",
                },
                Object {
                  "type": "text",
                  "value": ". CRC Press. http://www.realtimerendering.com/.",
                },
              ],
              "data": Object {
                "hProperties": Object {
                  "className": "reference",
                  "id": "ref-moller2008",
                },
              },
              "spread": false,
              "type": "listItem",
            },
            Object {
              "children": Array [
                Object {
                  "type": "text",
                  "value": "Gregory, Jason. 2014. ",
                },
                Object {
                  "children": Array [
                    Object {
                      "type": "text",
                      "value": "Game Engine Architecture, Second Edition.",
                    },
                  ],
                  "type": "emphasis",
                },
                Object {
                  "type": "text",
                  "value": " CRC Press. https://doi.org/10.1186/1758-2946-3-47.",
                },
              ],
              "data": Object {
                "hProperties": Object {
                  "className": "reference",
                  "id": "ref-gregory2014",
                },
              },
              "spread": false,
              "type": "listItem",
            },
            Object {
              "children": Array [
                Object {
                  "type": "text",
                  "value": "Singh, Parminder. 2016. ",
                },
                Object {
                  "children": Array [
                    Object {
                      "type": "text",
                      "value": "Vulkan Essentials",
                    },
                  ],
                  "type": "emphasis",
                },
                Object {
                  "type": "text",
                  "value": ". Packt Publishing. https://www.packtpub.com/application-development/vulkan-essentials.",
                },
              ],
              "data": Object {
                "hProperties": Object {
                  "className": "reference",
                  "id": "ref-singh2016",
                },
              },
              "spread": false,
              "type": "listItem",
            },
          ],
          "data": Object {
            "hProperties": Object {
              "className": "ref-list",
            },
          },
          "ordered": true,
          "spread": false,
          "type": "list",
        },
      ],
      "data": Object {
        "hName": "div",
        "hProperties": Object {
          "className": "references",
        },
      },
      "type": "element",
    },
  ],
  "type": "root",
}
`;
